Starting Dynare (version 6.5).
Calling Dynare with arguments: noclearall -Dphi_f_val=0.05
Starting preprocessing of the model file ... 
Found 74 equation(s). 
Evaluating expressions... 
Computing static model derivatives (order 1). 
Normalizing the static model... 
Finding the optimal block decomposition of the static model... 
10 block(s) found: 
  9 recursive block(s) and 1 simultaneous block(s). 
  the largest simultaneous block has 49 equation(s) 
                                 and 49 feedback variable(s). 
Computing dynamic model derivatives (order 1). 
Normalizing the dynamic model... 
Finding the optimal block decomposition of the dynamic model... 
9 block(s) found: 
  8 recursive block(s) and 1 simultaneous block(s). 
  the largest simultaneous block has 50 equation(s) 
                                 and 43 feedback variable(s). 
Preprocessing completed. 
Preprocessing time: 0h00m02s.

STEADY-STATE RESULTS:

C_H       		 0.220476
L_H       		 0.321401
m_H       		 0.113434
m_cH      		 3.08396e-05
m_tilde_H 		 0.113463
C_M       		 0.387709
L_M       		 0.320676
H_M       		 1.67053
n_M       		 3.75203
C_S       		 0.467566
H_S       		 3.31787
b_S       		 14.4408
K_S       		 32.7702
I_S       		 0.819255
d_S       		 0.77503
C         		 0.312078
H         		 1
d         		 0.077503
m         		 0.0567171
n         		 1.50081
b         		 1.44408
Y         		 0.394011
K         		 3.27702
I         		 0.0819255
L         		 0.1388
mc        		 0.833333
d_i       		 0.0656685
d_k       		 0
d_b       		 0.0118345
DELTA     		 1
X_1       		 4.01165
X_2       		 4.81398
T_H       		 0.0661429
T_M       		 0.0893707
T_S       		 -0.688198
T         		 0
f         		 0.00143335
m_cB      		 0.00141793
p_tilde   		 1
w         		 1.58494
w_H       		 0.479129
w_M       		 1.11478
s         		 3.3064
q         		 1
r         		 0.0330645
i_d       		 0.00300217
i_m       		 0.0157634
i         		 0.00806452
i_f       		 0.0131362
pi_var    		 0
pi_w_H    		 0
pi_w_M    		 0
mu        		 0.0188551
Z         		 1
xi        		 0
U_H       		 -4.93857
V_H       		 -164.619
INC_H     		 0.220476
NW_H      		 0.113465
U_M       		 -4.60271
V_M       		 -230.136
INC_M     		 0.446854
NW_M      		 1.77141
U_S       		 -3.47388
V_S       		 -434.235
INC_S     		 1.28682
NW_S      		 58.1812
W_TOT     		 -217.787
INC_TOT   		 41.7662
NW_TOT    		 658.342
NWR       		 0.883754
GINI_W    		 0.834121
GINI_I    		 0.316503
WR        		 0

STEADY-STATE RESULTS:

C_H       		 0.221824
L_H       		 0.320382
m_H       		 0.0362904
m_cH      		 0.0901932
m_tilde_H 		 0.124091
C_M       		 0.385335
L_M       		 0.322607
H_M       		 1.62003
n_M       		 3.4093
C_S       		 0.475795
H_S       		 3.51989
b_S       		 13.0048
K_S       		 32.8617
I_S       		 0.821543
d_S       		 0.797122
C         		 0.312626
H         		 1
d         		 0.0797122
m         		 0.0181452
n         		 1.36372
b         		 1.30048
Y         		 0.395111
K         		 3.28617
I         		 0.0821543
L         		 0.139187
mc        		 0.833333
d_i       		 0.0658519
d_k       		 0
d_b       		 0.0138603
DELTA     		 1
X_1       		 3.91894
X_2       		 4.70272
T_H       		 0.0665473
T_M       		 0.0896203
T_S       		 -0.691218
T         		 0
f         		 0.0455502
m_cB      		 0.000453631
p_tilde   		 1
w         		 1.58494
w_H       		 0.481996
w_M       		 1.1112
s         		 3.10611
q         		 1
r         		 0.0330645
i_d       		 0.00349848
i_m       		 0.0184104
i         		 0.00806452
i_f       		 0.015342
pi_var    		 0
pi_w_H    		 0
pi_w_M    		 0
mu        		 0.00818475
Z         		 1
xi        		 0
U_H       		 -4.91909
V_H       		 -163.97
INC_H     		 0.221824
NW_H      		 0.126484
U_M       		 -4.63201
V_M       		 -231.6
INC_M     		 0.448102
NW_M      		 1.62268
U_S       		 -3.43249
V_S       		 -429.061
INC_S     		 1.29734
NW_S      		 56.7997
W_TOT     		 -217.531
INC_TOT   		 41.9887
NW_TOT    		 639.228
NWR       		 0.888566
GINI_W    		 0.835379
GINI_I    		 0.316754
WR        		 0

EIGENVALUES:
         Modulus             Real        Imaginary
       1.942e-17        1.942e-17                0
       4.779e-17       -4.779e-17                0
       2.218e-16        2.218e-16                0
       2.982e-16       -2.982e-16                0
       4.184e-16        4.184e-16                0
       4.622e-16       -4.622e-16                0
       5.474e-16       -5.474e-16                0
       1.704e-15       -1.704e-15                0
       2.109e-15       -2.109e-15                0
          0.4953           0.4953                0
             0.5              0.5                0
          0.6888           0.6888                0
          0.7337           0.7317          0.05472
          0.7337           0.7317         -0.05472
            0.75             0.75                0
          0.7846           0.7846                0
          0.8108           0.8023           0.1172
          0.8108           0.8023          -0.1172
          0.8493           0.8493                0
             0.9              0.9                0
            0.98             0.98                0
           1.008            1.008                0
            1.01             1.01                0
           1.012            1.012                0
            1.02             1.02                0
           1.031            1.031                0
           1.128            1.128                0
           1.131            1.112           0.2094
           1.131            1.112          -0.2094
           1.203            1.203          0.01474
           1.203            1.203         -0.01474
           1.307            1.307                0
           1.344            1.344                0
           1.405            1.405                0
           1.436            1.436                0
           2.005            2.005                0
       8.227e+16       -8.227e+16                0
       2.618e+17        2.618e+17                0
       3.408e+17        3.408e+17                0
       1.082e+31        1.082e+31                0

There are 19 eigenvalue(s) larger than 1 in modulus for 19 forward-looking variable(s)
The rank condition is verified.

MODEL_DIAGNOSTICS:  No obvious problems with this mod-file were detected.

Information about model_sensitivity (dynamic model)

The following variables appear with a lag and are therefore states:
m_H(-1)
m_cH(-1)
H_M(-1)
n_M(-1)
H_S(-1)
b_S(-1)
K_S(-1)
m(-1)
n(-1)
b(-1)
K(-1)
I(-1)
DELTA(-1)
w_H(-1)
w_M(-1)
i_d(-1)
i_m(-1)
i(-1)
i_f(-1)
Z(-1)
xi(-1)

The following variables appear with a lead and are therefore forward-looking variables:
C_H(1)
C_M(1)
C_S(1)
m(1)
n(1)
I(1)
X_1(1)
X_2(1)
s(1)
q(1)
r(1)
i_d(1)
i_m(1)
pi_var(1)
pi_w_H(1)
pi_w_M(1)
V_H(1)
V_M(1)
V_S(1)

The following variables do not appear with a lead or lag and are therefore purely static variables:
L_H
m_tilde_H
L_M
I_S
d_S
C
H
d
Y
L
mc
d_i
d_k
d_b
T_H
T_M
T_S
T
f
m_cB
p_tilde
w
mu
U_H
INC_H
NW_H
U_M
INC_M
NW_M
U_S
INC_S
NW_S
W_TOT
INC_TOT
NW_TOT
NWR
GINI_W
GINI_I
WR



Residuals of the static equations:
Equation number  1: 1. H Budget Constraint                         :       0.000000
Equation number  2: 2. H Wage Phillips Curve                       :       0.000000
Equation number  3: 3. H Deposit Euler                             :       0.000000
Equation number  4: 4. H RFA Deposit Euler                         :       0.000000
Equation number  5: 5. Deposit CES Bundle                          :       0.000000
Equation number  6: 6. M Budget Constraint                         :       0.000000
Equation number  7: 7. M Collateral Constraint (binds in baseline) :       0.000000
Equation number  8: 8. M Wage Phillips Curve                       :       0.000000
Equation number  9: 9. M Housing Euler                             :       0.000000
Equation number 10: 10. M Mortgage Euler                           :       0.000000
Equation number 11: 11. S Budget Constraint                        :       0.000000
Equation number 12: 12. S Capital Accumulation                     :       0.000000
Equation number 13: 13. S Housing Euler                            :       0.000000
Equation number 14: 14. S Capital Euler                            :       0.000000
Equation number 15: 15. S Bond Euler                               :       0.000000
Equation number 16: 16. H Wage Inflation                           :       0.000000
Equation number 17: 17. M Wage Inflation                           :       0.000000
Equation number 18: 18. H Labour Demand                            :       0.000000
Equation number 19: 19. M Labour Demand                            :       0.000000
Equation number 20: 20. Aggregate Production                       :       0.000000
Equation number 21: 21. Marginal Cost                              :       0.000000
Equation number 22: 22. Optimal Input Ratio                        :       0.000000
Equation number 23: 23. Auxiliary Equation 1                       :       0.000000
Equation number 24: 24. Auxiliary Equation 2                       :       0.000000
Equation number 25: 25. Optimal Pricing Rule                       :       0.000000
Equation number 26: 26. Aggregate Price Evolution                  :       0.000000
Equation number 27: 27. Price Dispersion Evolution                 :       0.000000
Equation number 28: 28. Tobins Q                                   :       0.000000
Equation number 29: 29. Goods Producer Profits                     :       0.000000
Equation number 30: 30. Capital Producer Profits                   :       0.000000
Equation number 31: 31. Banks Balance Sheet                        :       0.000000
Equation number 32: 32. Banks Reserve Requirement                  :       0.000000
Equation number 33: 33. Banks Profit                               :       0.000000
Equation number 34: 34. Mortgage Rate Setting                      :       0.000000
Equation number 35: 35. Deposit Rate Setting                       :       0.000000
Equation number 36: 36. Total Profits                              :       0.000000
Equation number 37: 37. Government Budget Constraint               :       0.000000
Equation number 38: 38. H Transfers                                :       0.000000
Equation number 39: 39. M Transfers                                :       0.000000
Equation number 40: 40. Taylor Rule                                :       0.000000
Equation number 41: 41. Central Bank Lending Rule                  :       0.000000
Equation number 42: 42. Central Bank Balance Sheet                 :       0.000000
Equation number 43: 43. Aggregate Consumption                      :       0.000000
Equation number 44: 44. Aggregate Labour                           :       0.000000
Equation number 45: 45. Aggregate Deposits                         :       0.000000
Equation number 46: 46. Aggregate Transfers                        :       0.000000
Equation number 47: 47. Aggregate Housing                          :       0.000000
Equation number 48: 48. Aggregate Mortgages                        :       0.000000
Equation number 49: 49. Aggregate Investment                       :       0.000000
Equation number 50: 50. Aggregate Capital                          :       0.000000
Equation number 51: 51. Aggregate Bonds                            :       0.000000
Equation number 52: 52. Aggregate Dividends                        :       0.000000
Equation number 53: 53. Housing Market Clearing                    :       0.000000
Equation number 54: Goods Market Clearing                          :       0.000000
Equation number 55: 54. Technological Process                      :       0.000000
Equation number 56: 55. Monetary Policy Shock                      :       0.000000
Equation number 57: H Income                                       :       0.000000
Equation number 58: H Net Wealth                                   :       0.000000
Equation number 59: M Income                                       :       0.000000
Equation number 60: M Net Wealth                                   :       0.000000
Equation number 61: S Income                                       :       0.000000
Equation number 62: S Net Wealth                                   :       0.000000
Equation number 63: Total Income                                   :       0.000000
Equation number 64: Total Net Wealth                               :       0.000000
Equation number 65: Net Wealth Ratio                               :       0.000000
Equation number 66: H Period Utility                               :       0.000000
Equation number 67: M Period Utility                               :       0.000000
Equation number 68: S Period Utility                               :       0.000000
Equation number 69: H Welfare                                      :       0.000000
Equation number 70: M Welfare                                      :       0.000000
Equation number 71: S Welfare                                      :       0.000000
Equation number 72: Total Welfare                                  :       0.000000
Equation number 73: Income Gini Coefficient                        :       0.000000
Equation number 74: Wealth Gini Coefficient                        :       0.000000



--------------------------------------------------------
MODEL SIMULATION:

Iter: 1,	 err. = 0.817075,	 time = 0.081
Iter: 2,	 err. = 0.0189456,	 time = 0.002
Iter: 3,	 err. = 0.000421648,	 time = 0.002
Iter: 4,	 err. = 1.33633e-07,	 time = 0.002

Total time of simulation: 0.106.
--------------------------------------------------------


Perfect foresight solution found.

Total computing time : 0h00m00s
