Starting Dynare (version 6.5).
Calling Dynare with arguments: noclearall -Dbetta_M_val=0.972
Starting preprocessing of the model file ... 
Found 74 equation(s). 
Evaluating expressions... 
Computing static model derivatives (order 1). 
Normalizing the static model... 
Finding the optimal block decomposition of the static model... 
10 block(s) found: 
  9 recursive block(s) and 1 simultaneous block(s). 
  the largest simultaneous block has 49 equation(s) 
                                 and 49 feedback variable(s). 
Computing dynamic model derivatives (order 1). 
Normalizing the dynamic model... 
Finding the optimal block decomposition of the dynamic model... 
9 block(s) found: 
  8 recursive block(s) and 1 simultaneous block(s). 
  the largest simultaneous block has 50 equation(s) 
                                 and 43 feedback variable(s). 
Preprocessing completed. 
Preprocessing time: 0h00m02s.

STEADY-STATE RESULTS:

C_H       		 0.219064
L_H       		 0.32192
m_H       		 0.112664
m_cH      		 3.07188e-05
m_tilde_H 		 0.112693
C_M       		 0.39162
L_M       		 0.317253
H_M       		 1.66149
n_M       		 3.34095
C_S       		 0.439035
H_S       		 3.35403
b_S       		 12.8003
K_S       		 32.5607
I_S       		 0.814018
d_S       		 0.757014
C         		 0.310084
H         		 1
d         		 0.0757014
m         		 0.0563321
n         		 1.33638
b         		 1.28003
Y         		 0.391492
K         		 3.25607
I         		 0.0814018
L         		 0.137913
mc        		 0.833333
d_i       		 0.0652487
d_k       		 0
d_b       		 0.0104527
DELTA     		 1
X_1       		 4.3808
X_2       		 5.25697
T_H       		 0.0657193
T_M       		 0.0887995
T_S       		 -0.683794
T         		 0
f         		 0.00142366
m_cB      		 0.0014083
p_tilde   		 1
w         		 1.58494
w_H       		 0.4753
w_M       		 1.11961
s         		 2.95991
q         		 1
r         		 0.0330645
i_d       		 0.00298604
i_m       		 0.0156774
i         		 0.00806452
i_f       		 0.0130645
pi_var    		 0
pi_w_H    		 0
pi_w_M    		 0
mu        		 0.0520722
Z         		 1
xi        		 0
U_H       		 -4.95448
V_H       		 -165.149
INC_H     		 0.219064
NW_H      		 0.112695
U_M       		 -4.57563
V_M       		 -163.415
INC_M     		 0.443997
NW_M      		 1.57691
U_S       		 -3.56446
V_S       		 -445.557
INC_S     		 1.25305
NW_S      		 55.2886
W_TOT     		 -192.497
INC_TOT   		 41.2436
NW_TOT    		 621.598
NWR       		 0.88946
GINI_W    		 0.836572
GINI_I    		 0.312893
WR        		 0

STEADY-STATE RESULTS:

C_H       		 0.219604
L_H       		 0.321195
m_H       		 0.0335962
m_cH      		 0.0915937
m_tilde_H 		 0.122369
C_M       		 0.391427
L_M       		 0.317241
H_M       		 1.66975
n_M       		 3.33021
C_S       		 0.432346
H_S       		 3.32098
b_S       		 12.6949
K_S       		 32.5343
I_S       		 0.813356
d_S       		 0.75191
C         		 0.309608
H         		 1
d         		 0.075191
m         		 0.0167981
n         		 1.33209
b         		 1.26949
Y         		 0.391174
K         		 3.25343
I         		 0.0813356
L         		 0.1378
mc        		 0.833333
d_i       		 0.0651957
d_k       		 0
d_b       		 0.00999526
DELTA     		 1
X_1       		 4.47922
X_2       		 5.37507
T_H       		 0.0658813
T_M       		 0.0887273
T_S       		 -0.684316
T         		 0
f         		 0.0462168
m_cB      		 0.000419953
p_tilde   		 1
w         		 1.58494
w_H       		 0.475984
w_M       		 1.11874
s         		 2.9358
q         		 1
r         		 0.0330645
i_d       		 0.00298604
i_m       		 0.0156774
i         		 0.00806452
i_f       		 0.0130645
pi_var    		 0
pi_w_H    		 0
pi_w_M    		 0
mu        		 0.0521107
Z         		 1
xi        		 0
U_H       		 -4.94403
V_H       		 -164.801
INC_H     		 0.219604
NW_H      		 0.12519
U_M       		 -4.57445
V_M       		 -163.373
INC_M     		 0.443637
NW_M      		 1.57185
U_S       		 -3.59043
V_S       		 -448.803
INC_S     		 1.2457
NW_S      		 54.9789
W_TOT     		 -192.63
INC_TOT   		 41.1827
NW_TOT    		 618.922
NWR       		 0.8883
GINI_W    		 0.835048
GINI_I    		 0.311281
WR        		 0

EIGENVALUES:
         Modulus             Real        Imaginary
       2.882e-17        2.882e-17                0
       1.929e-16        1.929e-16                0
       2.576e-16        2.576e-16                0
       3.475e-16        3.475e-16                0
       4.571e-16       -4.571e-16                0
       1.115e-15       -1.115e-15                0
       1.176e-15        1.176e-15                0
       1.792e-15        1.792e-15                0
       3.781e-15        3.781e-15                0
          0.4964           0.4964                0
             0.5              0.5                0
           0.702            0.702                0
          0.7309           0.7286          0.05734
          0.7309           0.7286         -0.05734
            0.75             0.75                0
          0.7872           0.7872                0
          0.8162           0.8095           0.1047
          0.8162           0.8095          -0.1047
          0.8247           0.8247                0
             0.9              0.9                0
          0.9809           0.9809                0
           1.008            1.008                0
           1.008            1.008                0
           1.015            1.015                0
           1.029            1.029                0
           1.031            1.031                0
           1.131            1.131                0
           1.134            1.114           0.2125
           1.134            1.114          -0.2125
           1.196            1.196                0
           1.217            1.217                0
           1.309            1.309                0
           1.344            1.344                0
           1.398            1.398                0
           1.436            1.436                0
           2.001            2.001                0
       6.193e+16       -6.193e+16                0
       6.636e+16        6.636e+16                0
       5.394e+17       -5.394e+17                0
             Inf              Inf                0

There are 19 eigenvalue(s) larger than 1 in modulus for 19 forward-looking variable(s)
The rank condition is verified.

MODEL_DIAGNOSTICS:  No obvious problems with this mod-file were detected.

Information about model_sensitivity (dynamic model)

The following variables appear with a lag and are therefore states:
m_H(-1)
m_cH(-1)
H_M(-1)
n_M(-1)
H_S(-1)
b_S(-1)
K_S(-1)
m(-1)
n(-1)
b(-1)
K(-1)
I(-1)
DELTA(-1)
w_H(-1)
w_M(-1)
i_d(-1)
i_m(-1)
i(-1)
i_f(-1)
Z(-1)
xi(-1)

The following variables appear with a lead and are therefore forward-looking variables:
C_H(1)
C_M(1)
C_S(1)
m(1)
n(1)
I(1)
X_1(1)
X_2(1)
s(1)
q(1)
r(1)
i_d(1)
i_m(1)
pi_var(1)
pi_w_H(1)
pi_w_M(1)
V_H(1)
V_M(1)
V_S(1)

The following variables do not appear with a lead or lag and are therefore purely static variables:
L_H
m_tilde_H
L_M
I_S
d_S
C
H
d
Y
L
mc
d_i
d_k
d_b
T_H
T_M
T_S
T
f
m_cB
p_tilde
w
mu
U_H
INC_H
NW_H
U_M
INC_M
NW_M
U_S
INC_S
NW_S
W_TOT
INC_TOT
NW_TOT
NWR
GINI_W
GINI_I
WR



Residuals of the static equations:
Equation number  1: 1. H Budget Constraint                         :       0.000000
Equation number  2: 2. H Wage Phillips Curve                       :       0.000000
Equation number  3: 3. H Deposit Euler                             :       0.000000
Equation number  4: 4. H RFA Deposit Euler                         :       0.000000
Equation number  5: 5. Deposit CES Bundle                          :       0.000000
Equation number  6: 6. M Budget Constraint                         :       0.000000
Equation number  7: 7. M Collateral Constraint (binds in baseline) :       0.000000
Equation number  8: 8. M Wage Phillips Curve                       :       0.000000
Equation number  9: 9. M Housing Euler                             :       0.000000
Equation number 10: 10. M Mortgage Euler                           :       0.000000
Equation number 11: 11. S Budget Constraint                        :       0.000000
Equation number 12: 12. S Capital Accumulation                     :       0.000000
Equation number 13: 13. S Housing Euler                            :       0.000000
Equation number 14: 14. S Capital Euler                            :       0.000000
Equation number 15: 15. S Bond Euler                               :       0.000000
Equation number 16: 16. H Wage Inflation                           :       0.000000
Equation number 17: 17. M Wage Inflation                           :       0.000000
Equation number 18: 18. H Labour Demand                            :       0.000000
Equation number 19: 19. M Labour Demand                            :       0.000000
Equation number 20: 20. Aggregate Production                       :       0.000000
Equation number 21: 21. Marginal Cost                              :       0.000000
Equation number 22: 22. Optimal Input Ratio                        :       0.000000
Equation number 23: 23. Auxiliary Equation 1                       :       0.000000
Equation number 24: 24. Auxiliary Equation 2                       :       0.000000
Equation number 25: 25. Optimal Pricing Rule                       :       0.000000
Equation number 26: 26. Aggregate Price Evolution                  :       0.000000
Equation number 27: 27. Price Dispersion Evolution                 :       0.000000
Equation number 28: 28. Tobins Q                                   :       0.000000
Equation number 29: 29. Goods Producer Profits                     :       0.000000
Equation number 30: 30. Capital Producer Profits                   :       0.000000
Equation number 31: 31. Banks Balance Sheet                        :       0.000000
Equation number 32: 32. Banks Reserve Requirement                  :       0.000000
Equation number 33: 33. Banks Profit                               :       0.000000
Equation number 34: 34. Mortgage Rate Setting                      :       0.000000
Equation number 35: 35. Deposit Rate Setting                       :       0.000000
Equation number 36: 36. Total Profits                              :       0.000000
Equation number 37: 37. Government Budget Constraint               :       0.000000
Equation number 38: 38. H Transfers                                :       0.000000
Equation number 39: 39. M Transfers                                :       0.000000
Equation number 40: 40. Taylor Rule                                :       0.000000
Equation number 41: 41. Central Bank Lending Rule                  :       0.000000
Equation number 42: 42. Central Bank Balance Sheet                 :       0.000000
Equation number 43: 43. Aggregate Consumption                      :       0.000000
Equation number 44: 44. Aggregate Labour                           :       0.000000
Equation number 45: 45. Aggregate Deposits                         :       0.000000
Equation number 46: 46. Aggregate Transfers                        :       0.000000
Equation number 47: 47. Aggregate Housing                          :       0.000000
Equation number 48: 48. Aggregate Mortgages                        :       0.000000
Equation number 49: 49. Aggregate Investment                       :       0.000000
Equation number 50: 50. Aggregate Capital                          :       0.000000
Equation number 51: 51. Aggregate Bonds                            :       0.000000
Equation number 52: 52. Aggregate Dividends                        :       0.000000
Equation number 53: 53. Housing Market Clearing                    :       0.000000
Equation number 54: Goods Market Clearing                          :       0.000000
Equation number 55: 54. Technological Process                      :       0.000000
Equation number 56: 55. Monetary Policy Shock                      :       0.000000
Equation number 57: H Income                                       :       0.000000
Equation number 58: H Net Wealth                                   :       0.000000
Equation number 59: M Income                                       :       0.000000
Equation number 60: M Net Wealth                                   :       0.000000
Equation number 61: S Income                                       :       0.000000
Equation number 62: S Net Wealth                                   :       0.000000
Equation number 63: Total Income                                   :       0.000000
Equation number 64: Total Net Wealth                               :       0.000000
Equation number 65: Net Wealth Ratio                               :       0.000000
Equation number 66: H Period Utility                               :       0.000000
Equation number 67: M Period Utility                               :       0.000000
Equation number 68: S Period Utility                               :       0.000000
Equation number 69: H Welfare                                      :       0.000000
Equation number 70: M Welfare                                      :       0.000000
Equation number 71: S Welfare                                      :       0.000000
Equation number 72: Total Welfare                                  :       0.000000
Equation number 73: Income Gini Coefficient                        :       0.000000
Equation number 74: Wealth Gini Coefficient                        :       0.000000



--------------------------------------------------------
MODEL SIMULATION:

Iter: 1,	 err. = 0.204148,	 time = 0.082
Iter: 2,	 err. = 0.00322663,	 time = 0.003
Iter: 3,	 err. = 2.52975e-06,	 time = 0.002

Total time of simulation: 0.097.
--------------------------------------------------------


Perfect foresight solution found.

Total computing time : 0h00m00s
