Starting Dynare (version 6.5).
Calling Dynare with arguments: noclearall -Dkappa_y_val=0
Starting preprocessing of the model file ... 
Found 74 equation(s). 
Evaluating expressions... 
Computing static model derivatives (order 1). 
Normalizing the static model... 
Finding the optimal block decomposition of the static model... 
10 block(s) found: 
  9 recursive block(s) and 1 simultaneous block(s). 
  the largest simultaneous block has 49 equation(s) 
                                 and 49 feedback variable(s). 
Computing dynamic model derivatives (order 1). 
Normalizing the dynamic model... 
Finding the optimal block decomposition of the dynamic model... 
9 block(s) found: 
  8 recursive block(s) and 1 simultaneous block(s). 
  the largest simultaneous block has 50 equation(s) 
                                 and 43 feedback variable(s). 
Preprocessing completed. 
Preprocessing time: 0h00m02s.

STEADY-STATE RESULTS:

C_H       		 0.220446
L_H       		 0.321414
m_H       		 0.113375
m_cH      		 3.09126e-05
m_tilde_H 		 0.113404
C_M       		 0.387788
L_M       		 0.320608
H_M       		 1.67256
n_M       		 3.76402
C_S       		 0.467013
H_S       		 3.30977
b_S       		 14.4891
K_S       		 32.7661
I_S       		 0.819152
d_S       		 0.774031
C         		 0.312039
H         		 1
d         		 0.0774031
m         		 0.0566874
n         		 1.50561
b         		 1.44891
Y         		 0.393962
K         		 3.27661
I         		 0.0819152
L         		 0.138782
mc        		 0.833333
d_i       		 0.0656603
d_k       		 0
d_b       		 0.0117428
DELTA     		 1
X_1       		 4.01827
X_2       		 4.82192
T_H       		 0.0661338
T_M       		 0.0893595
T_S       		 -0.688107
T         		 0
f         		 0.00143264
m_cB      		 0.00141719
p_tilde   		 1
w         		 1.58494
w_H       		 0.47905
w_M       		 1.11488
s         		 3.31267
q         		 1
r         		 0.0330645
i_d       		 0.00298604
i_m       		 0.0156774
i         		 0.00806452
i_f       		 0.0130645
pi_var    		 0
pi_w_H    		 0
pi_w_M    		 0
mu        		 0.0191984
Z         		 1
xi        		 0
U_H       		 -4.93893
V_H       		 -164.631
INC_H     		 0.220446
NW_H      		 0.113406
U_M       		 -4.60165
V_M       		 -230.083
INC_M     		 0.446798
NW_M      		 1.7766
U_S       		 -3.47628
V_S       		 -434.535
INC_S     		 1.28617
NW_S      		 58.2193
W_TOT     		 -217.802
INC_TOT   		 41.7559
NW_TOT    		 658.927
NWR       		 0.883546
GINI_W    		 0.834028
GINI_I    		 0.316437
WR        		 0

STEADY-STATE RESULTS:

C_H       		 0.220988
L_H       		 0.320691
m_H       		 0.0338079
m_cH      		 0.0921707
m_tilde_H 		 0.12314
C_M       		 0.387601
L_M       		 0.320592
H_M       		 1.68036
n_M       		 3.75256
C_S       		 0.460239
H_S       		 3.27855
b_S       		 14.3804
K_S       		 32.7392
I_S       		 0.818481
d_S       		 0.768869
C         		 0.311558
H         		 1
d         		 0.0768869
m         		 0.0169039
n         		 1.50103
b         		 1.43804
Y         		 0.393639
K         		 3.27392
I         		 0.0818481
L         		 0.138669
mc        		 0.833333
d_i       		 0.0656065
d_k       		 0
d_b       		 0.0112805
DELTA     		 1
X_1       		 4.10394
X_2       		 4.92473
T_H       		 0.0662963
T_M       		 0.0892863
T_S       		 -0.688627
T         		 0
f         		 0.046508
m_cB      		 0.000422599
p_tilde   		 1
w         		 1.58494
w_H       		 0.479736
w_M       		 1.11402
s         		 3.28724
q         		 1
r         		 0.0330645
i_d       		 0.00298604
i_m       		 0.0156774
i         		 0.00806452
i_f       		 0.0130645
pi_var    		 0
pi_w_H    		 0
pi_w_M    		 0
mu        		 0.0192122
Z         		 1
xi        		 0
U_H       		 -4.92853
V_H       		 -164.284
INC_H     		 0.220988
NW_H      		 0.125979
U_M       		 -4.60057
V_M       		 -230.028
INC_M     		 0.446432
NW_M      		 1.7712
U_S       		 -3.50035
V_S       		 -437.544
INC_S     		 1.27872
NW_S      		 57.897
W_TOT     		 -217.908
INC_TOT   		 41.6939
NW_TOT    		 656.117
NWR       		 0.882419
GINI_W    		 0.832569
GINI_I    		 0.314835
WR        		 0

EIGENVALUES:
         Modulus             Real        Imaginary
               0                0                0
       1.659e-17       -1.659e-17                0
       4.904e-17        4.904e-17                0
       1.467e-16        1.467e-16                0
       1.697e-16        1.697e-16                0
       3.511e-16        3.511e-16                0
       1.962e-15       -1.962e-15                0
       3.225e-15       -3.225e-15                0
       3.622e-15        3.622e-15                0
       3.832e-15       -3.832e-15                0
       6.633e-15        6.633e-15                0
             0.5              0.5                0
          0.5034           0.5034                0
          0.7019           0.7019                0
            0.75             0.75                0
          0.7728           0.7719          0.03807
          0.7728           0.7719         -0.03807
          0.7847           0.7847                0
          0.8317           0.8317                0
             0.9              0.9                0
          0.9808           0.9808                0
           1.008            1.008                0
           1.009            1.009                0
           1.013            1.013                0
            1.02             1.02                0
           1.031            1.031                0
           1.126            1.126                0
           1.194            1.194                0
           1.298            1.298                0
           1.341            1.341                0
           1.344            1.344                0
           1.436            1.436                0
            1.49            1.478            0.193
            1.49            1.478           -0.193
           2.011            2.011                0
       8.167e+16        8.167e+16                0
       9.262e+16        9.262e+16                0
       9.459e+16        9.459e+16                0
       1.504e+17        1.504e+17                0
       1.803e+17       -1.803e+17                0

There are 19 eigenvalue(s) larger than 1 in modulus for 19 forward-looking variable(s)
The rank condition is verified.

MODEL_DIAGNOSTICS:  No obvious problems with this mod-file were detected.

Information about model_sensitivity (dynamic model)

The following variables appear with a lag and are therefore states:
m_H(-1)
m_cH(-1)
H_M(-1)
n_M(-1)
H_S(-1)
b_S(-1)
K_S(-1)
m(-1)
n(-1)
b(-1)
K(-1)
I(-1)
DELTA(-1)
w_H(-1)
w_M(-1)
i_d(-1)
i_m(-1)
i(-1)
i_f(-1)
Z(-1)
xi(-1)

The following variables appear with a lead and are therefore forward-looking variables:
C_H(1)
C_M(1)
C_S(1)
m(1)
n(1)
I(1)
X_1(1)
X_2(1)
s(1)
q(1)
r(1)
i_d(1)
i_m(1)
pi_var(1)
pi_w_H(1)
pi_w_M(1)
V_H(1)
V_M(1)
V_S(1)

The following variables do not appear with a lead or lag and are therefore purely static variables:
L_H
m_tilde_H
L_M
I_S
d_S
C
H
d
Y
L
mc
d_i
d_k
d_b
T_H
T_M
T_S
T
f
m_cB
p_tilde
w
mu
U_H
INC_H
NW_H
U_M
INC_M
NW_M
U_S
INC_S
NW_S
W_TOT
INC_TOT
NW_TOT
NWR
GINI_W
GINI_I
WR



Residuals of the static equations:
Equation number  1: 1. H Budget Constraint                         :       0.000000
Equation number  2: 2. H Wage Phillips Curve                       :       0.000000
Equation number  3: 3. H Deposit Euler                             :       0.000000
Equation number  4: 4. H RFA Deposit Euler                         :       0.000000
Equation number  5: 5. Deposit CES Bundle                          :       0.000000
Equation number  6: 6. M Budget Constraint                         :       0.000000
Equation number  7: 7. M Collateral Constraint (binds in baseline) :       0.000000
Equation number  8: 8. M Wage Phillips Curve                       :       0.000000
Equation number  9: 9. M Housing Euler                             :       0.000000
Equation number 10: 10. M Mortgage Euler                           :       0.000000
Equation number 11: 11. S Budget Constraint                        :       0.000000
Equation number 12: 12. S Capital Accumulation                     :       0.000000
Equation number 13: 13. S Housing Euler                            :       0.000000
Equation number 14: 14. S Capital Euler                            :       0.000000
Equation number 15: 15. S Bond Euler                               :       0.000000
Equation number 16: 16. H Wage Inflation                           :       0.000000
Equation number 17: 17. M Wage Inflation                           :       0.000000
Equation number 18: 18. H Labour Demand                            :       0.000000
Equation number 19: 19. M Labour Demand                            :       0.000000
Equation number 20: 20. Aggregate Production                       :       0.000000
Equation number 21: 21. Marginal Cost                              :       0.000000
Equation number 22: 22. Optimal Input Ratio                        :       0.000000
Equation number 23: 23. Auxiliary Equation 1                       :       0.000000
Equation number 24: 24. Auxiliary Equation 2                       :       0.000000
Equation number 25: 25. Optimal Pricing Rule                       :       0.000000
Equation number 26: 26. Aggregate Price Evolution                  :       0.000000
Equation number 27: 27. Price Dispersion Evolution                 :       0.000000
Equation number 28: 28. Tobins Q                                   :       0.000000
Equation number 29: 29. Goods Producer Profits                     :       0.000000
Equation number 30: 30. Capital Producer Profits                   :       0.000000
Equation number 31: 31. Banks Balance Sheet                        :       0.000000
Equation number 32: 32. Banks Reserve Requirement                  :       0.000000
Equation number 33: 33. Banks Profit                               :       0.000000
Equation number 34: 34. Mortgage Rate Setting                      :       0.000000
Equation number 35: 35. Deposit Rate Setting                       :       0.000000
Equation number 36: 36. Total Profits                              :       0.000000
Equation number 37: 37. Government Budget Constraint               :       0.000000
Equation number 38: 38. H Transfers                                :       0.000000
Equation number 39: 39. M Transfers                                :       0.000000
Equation number 40: 40. Taylor Rule                                :       0.000000
Equation number 41: 41. Central Bank Lending Rule                  :       0.000000
Equation number 42: 42. Central Bank Balance Sheet                 :       0.000000
Equation number 43: 43. Aggregate Consumption                      :       0.000000
Equation number 44: 44. Aggregate Labour                           :       0.000000
Equation number 45: 45. Aggregate Deposits                         :       0.000000
Equation number 46: 46. Aggregate Transfers                        :       0.000000
Equation number 47: 47. Aggregate Housing                          :       0.000000
Equation number 48: 48. Aggregate Mortgages                        :       0.000000
Equation number 49: 49. Aggregate Investment                       :       0.000000
Equation number 50: 50. Aggregate Capital                          :       0.000000
Equation number 51: 51. Aggregate Bonds                            :       0.000000
Equation number 52: 52. Aggregate Dividends                        :       0.000000
Equation number 53: 53. Housing Market Clearing                    :       0.000000
Equation number 54: Goods Market Clearing                          :       0.000000
Equation number 55: 54. Technological Process                      :       0.000000
Equation number 56: 55. Monetary Policy Shock                      :       0.000000
Equation number 57: H Income                                       :       0.000000
Equation number 58: H Net Wealth                                   :       0.000000
Equation number 59: M Income                                       :       0.000000
Equation number 60: M Net Wealth                                   :       0.000000
Equation number 61: S Income                                       :       0.000000
Equation number 62: S Net Wealth                                   :       0.000000
Equation number 63: Total Income                                   :       0.000000
Equation number 64: Total Net Wealth                               :       0.000000
Equation number 65: Net Wealth Ratio                               :       0.000000
Equation number 66: H Period Utility                               :       0.000000
Equation number 67: M Period Utility                               :       0.000000
Equation number 68: S Period Utility                               :       0.000000
Equation number 69: H Welfare                                      :       0.000000
Equation number 70: M Welfare                                      :       0.000000
Equation number 71: S Welfare                                      :       0.000000
Equation number 72: Total Welfare                                  :       0.000000
Equation number 73: Income Gini Coefficient                        :       0.000000
Equation number 74: Wealth Gini Coefficient                        :       0.000000



--------------------------------------------------------
MODEL SIMULATION:

Iter: 1,	 err. = 0.213073,	 time = 0.079
Iter: 2,	 err. = 0.00344595,	 time = 0.004
Iter: 3,	 err. = 1.9277e-06,	 time = 0.004

Total time of simulation: 0.097.
--------------------------------------------------------


Perfect foresight solution found.

Total computing time : 0h00m00s
