Starting Dynare (version 6.5).
Calling Dynare with arguments: noclearall -Dbetta_S_val=0.985
Starting preprocessing of the model file ... 
Found 74 equation(s). 
Evaluating expressions... 
Computing static model derivatives (order 1). 
Normalizing the static model... 
Finding the optimal block decomposition of the static model... 
10 block(s) found: 
  9 recursive block(s) and 1 simultaneous block(s). 
  the largest simultaneous block has 49 equation(s) 
                                 and 49 feedback variable(s). 
Computing dynamic model derivatives (order 1). 
Normalizing the dynamic model... 
Finding the optimal block decomposition of the dynamic model... 
9 block(s) found: 
  8 recursive block(s) and 1 simultaneous block(s). 
  the largest simultaneous block has 50 equation(s) 
                                 and 42 feedback variable(s). 
Preprocessing completed. 
Preprocessing time: 0h00m02s.

STEADY-STATE RESULTS:

C_H       		 0.205498
L_H       		 0.326882
m_H       		 0.110006
m_cH      		 0.000144837
m_tilde_H 		 0.110111
C_M       		 0.355508
L_M       		 0.33017
H_M       		 1.61758
n_M       		 2.48918
C_S       		 0.59109
H_S       		 3.52968
b_S       		 9.40595
K_S       		 25.0706
I_S       		 0.626764
d_S       		 0.707059
C         		 0.304061
H         		 1
d         		 0.0707059
m         		 0.0550029
n         		 0.99567
b         		 0.940595
Y         		 0.366745
K         		 2.50706
I         		 0.0626764
L         		 0.142297
mc        		 0.833333
d_i       		 0.0611242
d_k       		 0
d_b       		 0.00958172
DELTA     		 1
X_1       		 2.57422
X_2       		 3.08907
T_H       		 0.0616495
T_M       		 0.0831862
T_S       		 -0.640992
T         		 0
f         		 0.00144749
m_cB      		 0.00137507
p_tilde   		 1
w         		 1.43901
w_H       		 0.438496
w_M       		 1.0078
s         		 2.28432
q         		 1
r         		 0.0402284
i_d       		 0.00463925
i_m       		 0.0242741
i         		 0.0152284
i_f       		 0.0202284
pi_var    		 4.55152e-17
pi_w_H    		 4.55152e-17
pi_w_M    		 4.55152e-17
mu        		 -0.0178734
Z         		 1
xi        		 0
U_H       		 -5.11329
V_H       		 -170.443
INC_H     		 0.205498
NW_H      		 0.110151
U_M       		 -4.79466
V_M       		 -239.733
INC_M     		 0.415931
NW_M      		 1.20589
U_S       		 -3.13365
V_S       		 -208.91
INC_S     		 1.21785
NW_S      		 42.5394
W_TOT     		 -202.006
INC_TOT   		 39.0907
NW_TOT    		 479.137
NWR       		 0.887833
GINI_W    		 0.833571
GINI_I    		 0.31921
WR        		 0

STEADY-STATE RESULTS:

C_H       		 0.207414
L_H       		 0.324141
m_H       		 0.0110765
m_cH      		 0.145821
m_tilde_H 		 0.142417
C_M       		 0.3548
L_M       		 0.330181
H_M       		 1.63522
n_M       		 2.46832
C_S       		 0.571885
H_S       		 3.45913
b_S       		 9.08878
K_S       		 24.9973
I_S       		 0.624933
d_S       		 0.695701
C         		 0.302815
H         		 1
d         		 0.0695701
m         		 0.00553824
n         		 0.987327
b         		 0.908878
Y         		 0.365674
K         		 2.49973
I         		 0.0624933
L         		 0.141881
mc        		 0.833333
d_i       		 0.0609456
d_k       		 0
d_b       		 0.00862445
DELTA     		 1
X_1       		 2.69707
X_2       		 3.23649
T_H       		 0.0622241
T_M       		 0.0829432
T_S       		 -0.642893
T         		 0
f         		 0.0730492
m_cB      		 0.000138456
p_tilde   		 1
w         		 1.43901
w_H       		 0.440912
w_M       		 1.00482
s         		 2.24074
q         		 1
r         		 0.0402284
i_d       		 0.00463925
i_m       		 0.0242741
i         		 0.0152284
i_f       		 0.0202284
pi_var    		 6.79121e-17
pi_w_H    		 6.79121e-17
pi_w_M    		 6.79121e-17
mu        		 -0.017927
Z         		 1
xi        		 0
U_H       		 -5.07488
V_H       		 -169.163
INC_H     		 0.207414
NW_H      		 0.156898
U_M       		 -4.7938
V_M       		 -239.69
INC_M     		 0.414716
NW_M      		 1.19579
U_S       		 -3.18237
V_S       		 -212.158
INC_S     		 1.19682
NW_S      		 41.8371
W_TOT     		 -201.673
INC_TOT   		 38.9275
NW_TOT    		 474.048
NWR       		 0.882551
GINI_W    		 0.826382
GINI_I    		 0.313955
WR        		 0

EIGENVALUES:
         Modulus             Real        Imaginary
       3.324e-17        3.324e-17                0
       3.395e-17       -3.395e-17                0
       4.888e-17        4.888e-17                0
       5.567e-17        5.567e-17                0
       1.211e-16       -1.211e-16                0
       4.837e-16        4.837e-16                0
       5.139e-16       -5.139e-16                0
       1.008e-15       -1.008e-15                0
       2.463e-15        2.463e-15                0
          0.4987           0.4987                0
             0.5              0.5                0
          0.7065           0.7064         0.006729
          0.7065           0.7064        -0.006729
            0.75             0.75                0
          0.7698           0.7698                0
          0.7862           0.7862                0
          0.7913           0.7842           0.1057
          0.7913           0.7842          -0.1057
          0.8533           0.8533                0
             0.9              0.9                0
          0.9795           0.9795                0
           1.015            1.015                0
           1.018            1.018         0.002128
           1.018            1.018        -0.002128
            1.02             1.02                0
           1.031            1.031                0
            1.13            1.111           0.2065
            1.13            1.111          -0.2065
           1.148            1.148          0.01952
           1.148            1.148         -0.01952
           1.213            1.213                0
            1.31             1.31                0
           1.354            1.354                0
           1.409            1.409                0
           1.442            1.442                0
           2.007            2.007                0
       7.153e+16        7.153e+16                0
       1.973e+17        1.973e+17                0
       6.051e+17       -6.051e+17                0
       5.447e+30        5.447e+30                0

There are 19 eigenvalue(s) larger than 1 in modulus for 19 forward-looking variable(s)
The rank condition is verified.

MODEL_DIAGNOSTICS:  No obvious problems with this mod-file were detected.

Information about model_sensitivity (dynamic model)

The following variables appear with a lag and are therefore states:
m_H(-1)
m_cH(-1)
H_M(-1)
n_M(-1)
H_S(-1)
b_S(-1)
K_S(-1)
m(-1)
n(-1)
b(-1)
K(-1)
I(-1)
DELTA(-1)
w_H(-1)
w_M(-1)
i_d(-1)
i_m(-1)
i(-1)
i_f(-1)
Z(-1)
xi(-1)

The following variables appear with a lead and are therefore forward-looking variables:
C_H(1)
C_M(1)
C_S(1)
m(1)
n(1)
I(1)
X_1(1)
X_2(1)
s(1)
q(1)
r(1)
i_d(1)
i_m(1)
pi_var(1)
pi_w_H(1)
pi_w_M(1)
V_H(1)
V_M(1)
V_S(1)

The following variables do not appear with a lead or lag and are therefore purely static variables:
L_H
m_tilde_H
L_M
I_S
d_S
C
H
d
Y
L
mc
d_i
d_k
d_b
T_H
T_M
T_S
T
f
m_cB
p_tilde
w
mu
U_H
INC_H
NW_H
U_M
INC_M
NW_M
U_S
INC_S
NW_S
W_TOT
INC_TOT
NW_TOT
NWR
GINI_W
GINI_I
WR



Residuals of the static equations:
Equation number  1: 1. H Budget Constraint                         :       0.000000
Equation number  2: 2. H Wage Phillips Curve                       :       0.000000
Equation number  3: 3. H Deposit Euler                             :       0.000000
Equation number  4: 4. H RFA Deposit Euler                         :       0.000000
Equation number  5: 5. Deposit CES Bundle                          :       0.000000
Equation number  6: 6. M Budget Constraint                         :       0.000000
Equation number  7: 7. M Collateral Constraint (binds in baseline) :       0.000000
Equation number  8: 8. M Wage Phillips Curve                       :       0.000000
Equation number  9: 9. M Housing Euler                             :       0.000000
Equation number 10: 10. M Mortgage Euler                           :       0.000000
Equation number 11: 11. S Budget Constraint                        :       0.000000
Equation number 12: 12. S Capital Accumulation                     :       0.000000
Equation number 13: 13. S Housing Euler                            :       0.000000
Equation number 14: 14. S Capital Euler                            :       0.000000
Equation number 15: 15. S Bond Euler                               :       0.000000
Equation number 16: 16. H Wage Inflation                           :       0.000000
Equation number 17: 17. M Wage Inflation                           :       0.000000
Equation number 18: 18. H Labour Demand                            :       0.000000
Equation number 19: 19. M Labour Demand                            :       0.000000
Equation number 20: 20. Aggregate Production                       :       0.000000
Equation number 21: 21. Marginal Cost                              :       0.000000
Equation number 22: 22. Optimal Input Ratio                        :       0.000000
Equation number 23: 23. Auxiliary Equation 1                       :       0.000000
Equation number 24: 24. Auxiliary Equation 2                       :       0.000000
Equation number 25: 25. Optimal Pricing Rule                       :       0.000000
Equation number 26: 26. Aggregate Price Evolution                  :       0.000000
Equation number 27: 27. Price Dispersion Evolution                 :       0.000000
Equation number 28: 28. Tobins Q                                   :       0.000000
Equation number 29: 29. Goods Producer Profits                     :       0.000000
Equation number 30: 30. Capital Producer Profits                   :       0.000000
Equation number 31: 31. Banks Balance Sheet                        :       0.000000
Equation number 32: 32. Banks Reserve Requirement                  :       0.000000
Equation number 33: 33. Banks Profit                               :       0.000000
Equation number 34: 34. Mortgage Rate Setting                      :       0.000000
Equation number 35: 35. Deposit Rate Setting                       :       0.000000
Equation number 36: 36. Total Profits                              :       0.000000
Equation number 37: 37. Government Budget Constraint               :       0.000000
Equation number 38: 38. H Transfers                                :       0.000000
Equation number 39: 39. M Transfers                                :       0.000000
Equation number 40: 40. Taylor Rule                                :       0.000000
Equation number 41: 41. Central Bank Lending Rule                  :       0.000000
Equation number 42: 42. Central Bank Balance Sheet                 :       0.000000
Equation number 43: 43. Aggregate Consumption                      :       0.000000
Equation number 44: 44. Aggregate Labour                           :       0.000000
Equation number 45: 45. Aggregate Deposits                         :       0.000000
Equation number 46: 46. Aggregate Transfers                        :       0.000000
Equation number 47: 47. Aggregate Housing                          :       0.000000
Equation number 48: 48. Aggregate Mortgages                        :       0.000000
Equation number 49: 49. Aggregate Investment                       :       0.000000
Equation number 50: 50. Aggregate Capital                          :       0.000000
Equation number 51: 51. Aggregate Bonds                            :       0.000000
Equation number 52: 52. Aggregate Dividends                        :       0.000000
Equation number 53: 53. Housing Market Clearing                    :       0.000000
Equation number 54: Goods Market Clearing                          :       0.000000
Equation number 55: 54. Technological Process                      :       0.000000
Equation number 56: 55. Monetary Policy Shock                      :       0.000000
Equation number 57: H Income                                       :       0.000000
Equation number 58: H Net Wealth                                   :       0.000000
Equation number 59: M Income                                       :       0.000000
Equation number 60: M Net Wealth                                   :       0.000000
Equation number 61: S Income                                       :       0.000000
Equation number 62: S Net Wealth                                   :       0.000000
Equation number 63: Total Income                                   :       0.000000
Equation number 64: Total Net Wealth                               :       0.000000
Equation number 65: Net Wealth Ratio                               :       0.000000
Equation number 66: H Period Utility                               :       0.000000
Equation number 67: M Period Utility                               :       0.000000
Equation number 68: S Period Utility                               :       0.000000
Equation number 69: H Welfare                                      :       0.000000
Equation number 70: M Welfare                                      :       0.000000
Equation number 71: S Welfare                                      :       0.000000
Equation number 72: Total Welfare                                  :       0.000000
Equation number 73: Income Gini Coefficient                        :       0.000000
Equation number 74: Wealth Gini Coefficient                        :       0.000000



--------------------------------------------------------
MODEL SIMULATION:

Iter: 1,	 err. = 0.48303,	 time = 0.078
Iter: 2,	 err. = 0.0261531,	 time = 0.003
Iter: 3,	 err. = 0.000257647,	 time = 0.002
Iter: 4,	 err. = 5.51731e-08,	 time = 0.002

Total time of simulation: 0.102.
--------------------------------------------------------


Perfect foresight solution found.

Total computing time : 0h00m00s
