Starting Dynare (version 6.5).
Calling Dynare with arguments: noclearall -Dbetta_H_val=0.95
Starting preprocessing of the model file ... 
Found 74 equation(s). 
Evaluating expressions... 
Computing static model derivatives (order 1). 
Normalizing the static model... 
Finding the optimal block decomposition of the static model... 
10 block(s) found: 
  9 recursive block(s) and 1 simultaneous block(s). 
  the largest simultaneous block has 49 equation(s) 
                                 and 49 feedback variable(s). 
Computing dynamic model derivatives (order 1). 
Normalizing the dynamic model... 
Finding the optimal block decomposition of the dynamic model... 
9 block(s) found: 
  8 recursive block(s) and 1 simultaneous block(s). 
  the largest simultaneous block has 50 equation(s) 
                                 and 45 feedback variable(s). 
Preprocessing completed. 
Preprocessing time: 0h00m02s.

STEADY-STATE RESULTS:

C_H       		 0.220332
L_H       		 0.321565
m_H       		 0.078332
m_cH      		 1.34373e-05
m_tilde_H 		 0.0783451
C_M       		 0.387832
L_M       		 0.320606
H_M       		 1.67153
n_M       		 3.76582
C_S       		 0.467935
H_S       		 3.31388
b_S       		 14.6716
K_S       		 32.7714
I_S       		 0.819284
d_S       		 0.773324
C         		 0.312092
H         		 1
d         		 0.0773324
m         		 0.039166
n         		 1.50633
b         		 1.46716
Y         		 0.394025
K         		 3.27714
I         		 0.0819284
L         		 0.138805
mc        		 0.833333
d_i       		 0.0656709
d_k       		 0
d_b       		 0.0116615
DELTA     		 1
X_1       		 4.00705
X_2       		 4.80846
T_H       		 0.0660995
T_M       		 0.089374
T_S       		 -0.687994
T         		 0
f         		 0.000985868
m_cB      		 0.00097915
p_tilde   		 1
w         		 1.58494
w_H       		 0.478902
w_M       		 1.11506
s         		 3.31629
q         		 1
r         		 0.0330645
i_d       		 0.00298604
i_m       		 0.0156774
i         		 0.00806452
i_f       		 0.0130645
pi_var    		 0
pi_w_H    		 0
pi_w_M    		 0
mu        		 0.0191951
Z         		 1
xi        		 0
U_H       		 -4.95268
V_H       		 -99.0536
INC_H     		 0.220332
NW_H      		 0.0783454
U_M       		 -4.6017
V_M       		 -230.085
INC_M     		 0.44687
NW_M      		 1.77745
U_S       		 -3.47306
V_S       		 -434.132
INC_S     		 1.28722
NW_S      		 58.4327
W_TOT     		 -184.974
INC_TOT   		 41.7636
NW_TOT    		 659.342
NWR       		 0.886227
GINI_W    		 0.837766
GINI_I    		 0.316702
WR        		 0

STEADY-STATE RESULTS:

C_H       		 0.220627
L_H       		 0.321171
m_H       		 0.030279
m_cH      		 0.0519365
m_tilde_H 		 0.0816364
C_M       		 0.38773
L_M       		 0.320597
H_M       		 1.67582
n_M       		 3.75953
C_S       		 0.464201
H_S       		 3.29674
b_S       		 14.627
K_S       		 32.7567
I_S       		 0.818918
d_S       		 0.77035
C         		 0.311826
H         		 1
d         		 0.077035
m         		 0.0151395
n         		 1.50381
b         		 1.4627
Y         		 0.393849
K         		 3.27567
I         		 0.0818918
L         		 0.138743
mc        		 0.833333
d_i       		 0.0656415
d_k       		 0
d_b       		 0.0113935
DELTA     		 1
X_1       		 4.05367
X_2       		 4.86441
T_H       		 0.066188
T_M       		 0.089334
T_S       		 -0.688276
T         		 0
f         		 0.0263467
m_cB      		 0.000378487
p_tilde   		 1
w         		 1.58494
w_H       		 0.479276
w_M       		 1.11459
s         		 3.30228
q         		 1
r         		 0.0330645
i_d       		 0.00298604
i_m       		 0.0156774
i         		 0.00806452
i_f       		 0.0130645
pi_var    		 0
pi_w_H    		 0
pi_w_M    		 0
mu        		 0.0192026
Z         		 1
xi        		 0
U_H       		 -4.94686
V_H       		 -98.9372
INC_H     		 0.220627
NW_H      		 0.0822154
U_M       		 -4.6011
V_M       		 -230.055
INC_M     		 0.44667
NW_M      		 1.77448
U_S       		 -3.48622
V_S       		 -435.777
INC_S     		 1.28312
NW_S      		 58.2705
W_TOT     		 -185.068
INC_TOT   		 41.7293
NW_TOT    		 657.795
NWR       		 0.885846
GINI_W    		 0.837298
GINI_I    		 0.315824
WR        		 0

EIGENVALUES:
         Modulus             Real        Imaginary
       5.002e-18        5.002e-18                0
       2.893e-17       -2.893e-17                0
       1.903e-16        1.903e-16                0
       2.845e-16        2.845e-16                0
       3.113e-16        3.113e-16                0
       3.716e-16        3.716e-16                0
       5.987e-16        5.987e-16                0
       7.122e-16       -7.122e-16                0
        5.61e-15        -5.61e-15                0
          0.4971           0.4971                0
             0.5              0.5                0
          0.6988           0.6988                0
          0.7076           0.7058          0.04978
          0.7076           0.7058         -0.04978
            0.75             0.75                0
          0.7827           0.7827                0
          0.8088           0.7984           0.1294
          0.8088           0.7984          -0.1294
          0.8168           0.8168                0
             0.9              0.9                0
          0.9801           0.9801                0
           1.008            1.008                0
           1.009            1.009                0
           1.013            1.013                0
            1.02             1.02                0
           1.053            1.053                0
            1.13             1.13                0
           1.142            1.121           0.2184
           1.142            1.121          -0.2184
           1.182            1.182                0
           1.312            1.312          0.01981
           1.312            1.312         -0.01981
           1.344            1.344                0
           1.443            1.443                0
            1.46             1.46                0
           2.002            2.002                0
       1.747e+16        1.747e+16                0
       1.953e+17        1.953e+17                0
       2.181e+17       -2.181e+17                0
       4.065e+31        4.065e+31                0

There are 19 eigenvalue(s) larger than 1 in modulus for 19 forward-looking variable(s)
The rank condition is verified.

MODEL_DIAGNOSTICS:  No obvious problems with this mod-file were detected.

Information about model_sensitivity (dynamic model)

The following variables appear with a lag and are therefore states:
m_H(-1)
m_cH(-1)
H_M(-1)
n_M(-1)
H_S(-1)
b_S(-1)
K_S(-1)
m(-1)
n(-1)
b(-1)
K(-1)
I(-1)
DELTA(-1)
w_H(-1)
w_M(-1)
i_d(-1)
i_m(-1)
i(-1)
i_f(-1)
Z(-1)
xi(-1)

The following variables appear with a lead and are therefore forward-looking variables:
C_H(1)
C_M(1)
C_S(1)
m(1)
n(1)
I(1)
X_1(1)
X_2(1)
s(1)
q(1)
r(1)
i_d(1)
i_m(1)
pi_var(1)
pi_w_H(1)
pi_w_M(1)
V_H(1)
V_M(1)
V_S(1)

The following variables do not appear with a lead or lag and are therefore purely static variables:
L_H
m_tilde_H
L_M
I_S
d_S
C
H
d
Y
L
mc
d_i
d_k
d_b
T_H
T_M
T_S
T
f
m_cB
p_tilde
w
mu
U_H
INC_H
NW_H
U_M
INC_M
NW_M
U_S
INC_S
NW_S
W_TOT
INC_TOT
NW_TOT
NWR
GINI_W
GINI_I
WR



Residuals of the static equations:
Equation number  1: 1. H Budget Constraint                         :       0.000000
Equation number  2: 2. H Wage Phillips Curve                       :       0.000000
Equation number  3: 3. H Deposit Euler                             :       0.000000
Equation number  4: 4. H RFA Deposit Euler                         :       0.000000
Equation number  5: 5. Deposit CES Bundle                          :       0.000000
Equation number  6: 6. M Budget Constraint                         :       0.000000
Equation number  7: 7. M Collateral Constraint (binds in baseline) :       0.000000
Equation number  8: 8. M Wage Phillips Curve                       :       0.000000
Equation number  9: 9. M Housing Euler                             :       0.000000
Equation number 10: 10. M Mortgage Euler                           :       0.000000
Equation number 11: 11. S Budget Constraint                        :       0.000000
Equation number 12: 12. S Capital Accumulation                     :       0.000000
Equation number 13: 13. S Housing Euler                            :       0.000000
Equation number 14: 14. S Capital Euler                            :       0.000000
Equation number 15: 15. S Bond Euler                               :       0.000000
Equation number 16: 16. H Wage Inflation                           :       0.000000
Equation number 17: 17. M Wage Inflation                           :       0.000000
Equation number 18: 18. H Labour Demand                            :       0.000000
Equation number 19: 19. M Labour Demand                            :       0.000000
Equation number 20: 20. Aggregate Production                       :       0.000000
Equation number 21: 21. Marginal Cost                              :       0.000000
Equation number 22: 22. Optimal Input Ratio                        :       0.000000
Equation number 23: 23. Auxiliary Equation 1                       :       0.000000
Equation number 24: 24. Auxiliary Equation 2                       :       0.000000
Equation number 25: 25. Optimal Pricing Rule                       :       0.000000
Equation number 26: 26. Aggregate Price Evolution                  :       0.000000
Equation number 27: 27. Price Dispersion Evolution                 :       0.000000
Equation number 28: 28. Tobins Q                                   :       0.000000
Equation number 29: 29. Goods Producer Profits                     :       0.000000
Equation number 30: 30. Capital Producer Profits                   :       0.000000
Equation number 31: 31. Banks Balance Sheet                        :       0.000000
Equation number 32: 32. Banks Reserve Requirement                  :       0.000000
Equation number 33: 33. Banks Profit                               :       0.000000
Equation number 34: 34. Mortgage Rate Setting                      :       0.000000
Equation number 35: 35. Deposit Rate Setting                       :       0.000000
Equation number 36: 36. Total Profits                              :       0.000000
Equation number 37: 37. Government Budget Constraint               :       0.000000
Equation number 38: 38. H Transfers                                :       0.000000
Equation number 39: 39. M Transfers                                :       0.000000
Equation number 40: 40. Taylor Rule                                :       0.000000
Equation number 41: 41. Central Bank Lending Rule                  :       0.000000
Equation number 42: 42. Central Bank Balance Sheet                 :       0.000000
Equation number 43: 43. Aggregate Consumption                      :       0.000000
Equation number 44: 44. Aggregate Labour                           :       0.000000
Equation number 45: 45. Aggregate Deposits                         :       0.000000
Equation number 46: 46. Aggregate Transfers                        :       0.000000
Equation number 47: 47. Aggregate Housing                          :       0.000000
Equation number 48: 48. Aggregate Mortgages                        :       0.000000
Equation number 49: 49. Aggregate Investment                       :       0.000000
Equation number 50: 50. Aggregate Capital                          :       0.000000
Equation number 51: 51. Aggregate Bonds                            :       0.000000
Equation number 52: 52. Aggregate Dividends                        :       0.000000
Equation number 53: 53. Housing Market Clearing                    :       0.000000
Equation number 54: Goods Market Clearing                          :       0.000000
Equation number 55: 54. Technological Process                      :       0.000000
Equation number 56: 55. Monetary Policy Shock                      :       0.000000
Equation number 57: H Income                                       :       0.000000
Equation number 58: H Net Wealth                                   :       0.000000
Equation number 59: M Income                                       :       0.000000
Equation number 60: M Net Wealth                                   :       0.000000
Equation number 61: S Income                                       :       0.000000
Equation number 62: S Net Wealth                                   :       0.000000
Equation number 63: Total Income                                   :       0.000000
Equation number 64: Total Net Wealth                               :       0.000000
Equation number 65: Net Wealth Ratio                               :       0.000000
Equation number 66: H Period Utility                               :       0.000000
Equation number 67: M Period Utility                               :       0.000000
Equation number 68: S Period Utility                               :       0.000000
Equation number 69: H Welfare                                      :       0.000000
Equation number 70: M Welfare                                      :       0.000000
Equation number 71: S Welfare                                      :       0.000000
Equation number 72: Total Welfare                                  :       0.000000
Equation number 73: Income Gini Coefficient                        :       0.000000
Equation number 74: Wealth Gini Coefficient                        :       0.000000



--------------------------------------------------------
MODEL SIMULATION:

Iter: 1,	 err. = 0.101984,	 time = 0.079
Iter: 2,	 err. = 0.00110593,	 time = 0.003
Iter: 3,	 err. = 3.06234e-07,	 time = 0.002

Total time of simulation: 0.095.
--------------------------------------------------------


Perfect foresight solution found.

Total computing time : 0h00m00s
