Starting Dynare (version 6.5).
Calling Dynare with arguments: noclearall -Dtau_H_val=0
Starting preprocessing of the model file ... 
Found 74 equation(s). 
Evaluating expressions... 
Computing static model derivatives (order 1). 
Normalizing the static model... 
Finding the optimal block decomposition of the static model... 
10 block(s) found: 
  9 recursive block(s) and 1 simultaneous block(s). 
  the largest simultaneous block has 49 equation(s) 
                                 and 49 feedback variable(s). 
Computing dynamic model derivatives (order 1). 
Normalizing the dynamic model... 
Finding the optimal block decomposition of the dynamic model... 
9 block(s) found: 
  8 recursive block(s) and 1 simultaneous block(s). 
  the largest simultaneous block has 50 equation(s) 
                                 and 43 feedback variable(s). 
Preprocessing completed. 
Preprocessing time: 0h00m02s.

STEADY-STATE RESULTS:

C_H       		 0.167612
L_H       		 0.411537
m_H       		 0.0862023
m_cH      		 2.35038e-05
m_tilde_H 		 0.0862242
C_M       		 0.412621
L_M       		 0.319044
H_M       		 1.31645
n_M       		 4.65667
C_S       		 0.903045
H_S       		 4.73418
b_S       		 18.1956
K_S       		 35.6135
I_S       		 0.890338
d_S       		 0.857601
C         		 0.339159
H         		 1
d         		 0.0857601
m         		 0.0431011
n         		 1.86267
b         		 1.81956
Y         		 0.428198
K         		 3.56135
I         		 0.0890338
L         		 0.150843
mc        		 0.833333
d_i       		 0.0713663
d_k       		 0
d_b       		 0.0143938
DELTA     		 1
X_1       		 1.62427
X_2       		 1.94913
T_H       		 0
T_M       		 0.0971251
T_S       		 -0.3885
T         		 0
f         		 0.00108928
m_cB      		 0.00107753
p_tilde   		 1
w         		 1.58494
w_H       		 0.406656
w_M       		 1.2177
s         		 5.20687
q         		 1
r         		 0.0330645
i_d       		 0.00298604
i_m       		 0.0156774
i         		 0.00806452
i_f       		 0.0130645
pi_var    		 0
pi_w_H    		 0
pi_w_M    		 0
mu        		 0.0174916
Z         		 1
xi        		 0
U_H       		 -5.96944
V_H       		 -198.981
INC_H     		 0.167612
NW_H      		 0.0862258
U_M       		 -4.59583
V_M       		 -229.792
INC_M     		 0.485626
NW_M      		 2.19793
U_S       		 -2.56423
V_S       		 -320.528
INC_S     		 1.79338
NW_S      		 78.4594
W_TOT     		 -223.46
INC_TOT   		 45.7394
NW_TOT    		 876.822
NWR       		 0.894815
GINI_W    		 0.842982
GINI_I    		 0.431141
WR        		 0

STEADY-STATE RESULTS:

C_H       		 0.167903
L_H       		 0.410888
m_H       		 0.0256866
m_cH      		 0.0700297
m_tilde_H 		 0.0935593
C_M       		 0.41247
L_M       		 0.319043
H_M       		 1.3193
n_M       		 4.6491
C_S       		 0.898598
H_S       		 4.72279
b_S       		 18.1178
K_S       		 35.5938
I_S       		 0.889845
d_S       		 0.853725
C         		 0.338799
H         		 1
d         		 0.0853725
m         		 0.0128433
n         		 1.85964
b         		 1.81178
Y         		 0.42796
K         		 3.55938
I         		 0.0889845
L         		 0.150759
mc        		 0.833333
d_i       		 0.0713267
d_k       		 0
d_b       		 0.0140458
DELTA     		 1
X_1       		 1.63544
X_2       		 1.96253
T_H       		 0
T_M       		 0.0970712
T_S       		 -0.388285
T         		 0
f         		 0.0353359
m_cB      		 0.000321083
p_tilde   		 1
w         		 1.58494
w_H       		 0.407073
w_M       		 1.21703
s         		 5.18717
q         		 1
r         		 0.0330645
i_d       		 0.00298604
i_m       		 0.0156774
i         		 0.00806452
i_f       		 0.0130645
pi_var    		 0
pi_w_H    		 0
pi_w_M    		 0
mu        		 0.0175011
Z         		 1
xi        		 0
U_H       		 -5.95927
V_H       		 -198.642
INC_H     		 0.167903
NW_H      		 0.0957163
U_M       		 -4.59546
V_M       		 -229.773
INC_M     		 0.485356
NW_M      		 2.19436
U_S       		 -2.56998
V_S       		 -321.248
INC_S     		 1.78844
NW_S      		 78.2095
W_TOT     		 -223.355
INC_TOT   		 45.6938
NW_TOT    		 874.655
NWR       		 0.894175
GINI_W    		 0.842163
GINI_I    		 0.430345
WR        		 0

EIGENVALUES:
         Modulus             Real        Imaginary
       2.275e-17        2.275e-17                0
       1.139e-16       -1.139e-16                0
       1.604e-16        1.604e-16                0
       1.721e-16        1.721e-16                0
       3.799e-16        3.799e-16                0
       6.211e-16       -6.211e-16                0
       9.379e-16       -9.379e-16                0
       1.252e-15       -1.252e-15                0
        4.69e-15         4.69e-15                0
          0.4974           0.4974                0
             0.5              0.5                0
          0.7018           0.7018                0
          0.7213           0.7182          0.06632
          0.7213           0.7182         -0.06632
            0.75             0.75                0
          0.7848           0.7848                0
          0.8148           0.8094          0.09388
          0.8148           0.8094         -0.09388
          0.8571           0.8571                0
             0.9              0.9                0
          0.9753           0.9753                0
           1.008            1.008                0
           1.011            1.011                0
           1.015            1.015                0
            1.02             1.02                0
           1.031            1.031                0
           1.127            1.127                0
           1.141            1.121           0.2107
           1.141            1.121          -0.2107
           1.181            1.181                0
           1.198            1.198                0
           1.318            1.318                0
           1.344            1.344                0
           1.418            1.418                0
           1.436            1.436                0
           2.001            2.001                0
       2.794e+16        2.794e+16                0
       6.355e+16       -6.355e+16                0
       1.542e+17       -1.542e+17                0
       1.237e+30        1.237e+30                0

There are 19 eigenvalue(s) larger than 1 in modulus for 19 forward-looking variable(s)
The rank condition is verified.

MODEL_DIAGNOSTICS:  No obvious problems with this mod-file were detected.

Information about model_sensitivity (dynamic model)

The following variables appear with a lag and are therefore states:
m_H(-1)
m_cH(-1)
H_M(-1)
n_M(-1)
H_S(-1)
b_S(-1)
K_S(-1)
m(-1)
n(-1)
b(-1)
K(-1)
I(-1)
DELTA(-1)
w_H(-1)
w_M(-1)
i_d(-1)
i_m(-1)
i(-1)
i_f(-1)
Z(-1)
xi(-1)

The following variables appear with a lead and are therefore forward-looking variables:
C_H(1)
C_M(1)
C_S(1)
m(1)
n(1)
I(1)
X_1(1)
X_2(1)
s(1)
q(1)
r(1)
i_d(1)
i_m(1)
pi_var(1)
pi_w_H(1)
pi_w_M(1)
V_H(1)
V_M(1)
V_S(1)

The following variables do not appear with a lead or lag and are therefore purely static variables:
L_H
m_tilde_H
L_M
I_S
d_S
C
H
d
Y
L
mc
d_i
d_k
d_b
T_H
T_M
T_S
T
f
m_cB
p_tilde
w
mu
U_H
INC_H
NW_H
U_M
INC_M
NW_M
U_S
INC_S
NW_S
W_TOT
INC_TOT
NW_TOT
NWR
GINI_W
GINI_I
WR



Residuals of the static equations:
Equation number  1: 1. H Budget Constraint                         :       0.000000
Equation number  2: 2. H Wage Phillips Curve                       :       0.000000
Equation number  3: 3. H Deposit Euler                             :       0.000000
Equation number  4: 4. H RFA Deposit Euler                         :       0.000000
Equation number  5: 5. Deposit CES Bundle                          :       0.000000
Equation number  6: 6. M Budget Constraint                         :       0.000000
Equation number  7: 7. M Collateral Constraint (binds in baseline) :       0.000000
Equation number  8: 8. M Wage Phillips Curve                       :       0.000000
Equation number  9: 9. M Housing Euler                             :       0.000000
Equation number 10: 10. M Mortgage Euler                           :       0.000000
Equation number 11: 11. S Budget Constraint                        :       0.000000
Equation number 12: 12. S Capital Accumulation                     :       0.000000
Equation number 13: 13. S Housing Euler                            :       0.000000
Equation number 14: 14. S Capital Euler                            :       0.000000
Equation number 15: 15. S Bond Euler                               :       0.000000
Equation number 16: 16. H Wage Inflation                           :       0.000000
Equation number 17: 17. M Wage Inflation                           :       0.000000
Equation number 18: 18. H Labour Demand                            :       0.000000
Equation number 19: 19. M Labour Demand                            :       0.000000
Equation number 20: 20. Aggregate Production                       :       0.000000
Equation number 21: 21. Marginal Cost                              :       0.000000
Equation number 22: 22. Optimal Input Ratio                        :       0.000000
Equation number 23: 23. Auxiliary Equation 1                       :       0.000000
Equation number 24: 24. Auxiliary Equation 2                       :       0.000000
Equation number 25: 25. Optimal Pricing Rule                       :       0.000000
Equation number 26: 26. Aggregate Price Evolution                  :       0.000000
Equation number 27: 27. Price Dispersion Evolution                 :       0.000000
Equation number 28: 28. Tobins Q                                   :       0.000000
Equation number 29: 29. Goods Producer Profits                     :       0.000000
Equation number 30: 30. Capital Producer Profits                   :       0.000000
Equation number 31: 31. Banks Balance Sheet                        :       0.000000
Equation number 32: 32. Banks Reserve Requirement                  :       0.000000
Equation number 33: 33. Banks Profit                               :       0.000000
Equation number 34: 34. Mortgage Rate Setting                      :       0.000000
Equation number 35: 35. Deposit Rate Setting                       :       0.000000
Equation number 36: 36. Total Profits                              :       0.000000
Equation number 37: 37. Government Budget Constraint               :       0.000000
Equation number 38: 38. H Transfers                                :       0.000000
Equation number 39: 39. M Transfers                                :       0.000000
Equation number 40: 40. Taylor Rule                                :       0.000000
Equation number 41: 41. Central Bank Lending Rule                  :       0.000000
Equation number 42: 42. Central Bank Balance Sheet                 :       0.000000
Equation number 43: 43. Aggregate Consumption                      :       0.000000
Equation number 44: 44. Aggregate Labour                           :       0.000000
Equation number 45: 45. Aggregate Deposits                         :       0.000000
Equation number 46: 46. Aggregate Transfers                        :       0.000000
Equation number 47: 47. Aggregate Housing                          :       0.000000
Equation number 48: 48. Aggregate Mortgages                        :       0.000000
Equation number 49: 49. Aggregate Investment                       :       0.000000
Equation number 50: 50. Aggregate Capital                          :       0.000000
Equation number 51: 51. Aggregate Bonds                            :       0.000000
Equation number 52: 52. Aggregate Dividends                        :       0.000000
Equation number 53: 53. Housing Market Clearing                    :       0.000000
Equation number 54: Goods Market Clearing                          :       0.000000
Equation number 55: 54. Technological Process                      :       0.000000
Equation number 56: 55. Monetary Policy Shock                      :       0.000000
Equation number 57: H Income                                       :       0.000000
Equation number 58: H Net Wealth                                   :       0.000000
Equation number 59: M Income                                       :       0.000000
Equation number 60: M Net Wealth                                   :       0.000000
Equation number 61: S Income                                       :       0.000000
Equation number 62: S Net Wealth                                   :       0.000000
Equation number 63: Total Income                                   :       0.000000
Equation number 64: Total Net Wealth                               :       0.000000
Equation number 65: Net Wealth Ratio                               :       0.000000
Equation number 66: H Period Utility                               :       0.000000
Equation number 67: M Period Utility                               :       0.000000
Equation number 68: S Period Utility                               :       0.000000
Equation number 69: H Welfare                                      :       0.000000
Equation number 70: M Welfare                                      :       0.000000
Equation number 71: S Welfare                                      :       0.000000
Equation number 72: Total Welfare                                  :       0.000000
Equation number 73: Income Gini Coefficient                        :       0.000000
Equation number 74: Wealth Gini Coefficient                        :       0.000000



--------------------------------------------------------
MODEL SIMULATION:

Iter: 1,	 err. = 0.138138,	 time = 0.079
Iter: 2,	 err. = 0.0045583,	 time = 0.003
Iter: 3,	 err. = 3.23624e-06,	 time = 0.002

Total time of simulation: 0.095.
--------------------------------------------------------


Perfect foresight solution found.

Total computing time : 0h00m00s
